# MEAN_SAMPLE_SIZE = 32385
# TOTAL_GENES = 16419
# TEST_DIRECTION = one-sided, positive (set), one-sided, positive (covar)
# CONDITIONED_INTERNAL = gene size, gene density, inverse mac, log(gene size), log(gene density), log(inverse mac)
# CONDITIONED_HIDDEN = Average (covar)
VARIABLE                             TYPE  NGENES         BETA     BETA_STD           SE            P FULL_NAME
Adipose_Subcutaneous                COVAR   16419    -0.022918    -0.045523     0.016875      0.91277 Adipose_Subcutaneous
Adipose_Visceral_Omentum            COVAR   16419    -0.024163    -0.046684     0.017585      0.91527 Adipose_Visceral_Omentum
Adrenal_Gland                       COVAR   16419    -0.013472    -0.025871     0.015677      0.80492 Adrenal_Gland
Artery_Aorta                        COVAR   16419    -0.027556    -0.056005     0.016094      0.95656 Artery_Aorta
Artery_Coronary                     COVAR   16419    -0.022772    -0.045117      0.01863      0.88919 Artery_Coronary
Artery_Tibial                       COVAR   16419   -0.0054169    -0.011109      0.01567      0.63521 Artery_Tibial
Bladder                             COVAR   16419    -0.015488    -0.030005     0.020488      0.77515 Bladder
Brain_Amygdala                      COVAR   16419     0.036787     0.062236     0.012305    0.0013987 Brain_Amygdala
Brain_Anterior_cingulate_cor...     COVAR   16419       0.0366     0.064186      0.01138   0.00065088 Brain_Anterior_cingulate_cortex_BA24
Brain_Caudate_basal_ganglia         COVAR   16419     0.032546     0.055836     0.012341    0.0041844 Brain_Caudate_basal_ganglia
Brain_Cerebellar_Hemisphere         COVAR   16419      0.03174     0.063394    0.0095502   0.00044562 Brain_Cerebellar_Hemisphere
Brain_Cerebellum                    COVAR   16419     0.033404     0.065965    0.0098476   0.00034776 Brain_Cerebellum
Brain_Cortex                        COVAR   16419     0.038136     0.069036     0.011219   0.00033872 Brain_Cortex
Brain_Frontal_Cortex_BA9            COVAR   16419     0.038431     0.070316     0.010809   0.00018927 Brain_Frontal_Cortex_BA9
Brain_Hippocampus                   COVAR   16419     0.030366     0.051056     0.012512    0.0076191 Brain_Hippocampus
Brain_Hypothalamus                  COVAR   16419     0.029516     0.050423     0.012704     0.010084 Brain_Hypothalamus
Brain_Nucleus_accumbens_basa...     COVAR   16419     0.032439     0.055894     0.011967    0.0033607 Brain_Nucleus_accumbens_basal_ganglia
Brain_Putamen_basal_ganglia         COVAR   16419     0.026707     0.045152     0.012425     0.015804 Brain_Putamen_basal_ganglia
Brain_Spinal_cord_cervical_c...     COVAR   16419    0.0084366      0.01508     0.013346      0.26365 Brain_Spinal_cord_cervical_c-1
Brain_Substantia_nigra              COVAR   16419      0.01628     0.027849     0.013352      0.11138 Brain_Substantia_nigra
Breast_Mammary_Tissue               COVAR   16419    -0.035997    -0.068819     0.019843      0.96516 Breast_Mammary_Tissue
Cells_Cultured_fibroblasts          COVAR   16419   -0.0076271     -0.01629     0.010316      0.77015 Cells_Cultured_fibroblasts
Cells_EBV-transformed_lympho...     COVAR   16419    0.0041001    0.0089312    0.0076316      0.29555 Cells_EBV-transformed_lymphocytes
Cervix_Ectocervix                   COVAR   16419    -0.021717    -0.042318     0.019183       0.8712 Cervix_Ectocervix
Cervix_Endocervix                   COVAR   16419   -0.0063354    -0.012466     0.018235      0.63587 Cervix_Endocervix
Colon_Sigmoid                       COVAR   16419     0.023123     0.044982     0.019637      0.11951 Colon_Sigmoid
Colon_Transverse                    COVAR   16419    -0.014006    -0.025585     0.018078      0.78075 Colon_Transverse
Esophagus_Gastroesophageal_J...     COVAR   16419    0.0008471    0.0016584     0.020154      0.48324 Esophagus_Gastroesophageal_Junction
Esophagus_Mucosa                    COVAR   16419    -0.032152    -0.061801     0.011919       0.9965 Esophagus_Mucosa
Esophagus_Muscularis                COVAR   16419    0.0040338    0.0079134      0.01952      0.41814 Esophagus_Muscularis
Fallopian_Tube                      COVAR   16419    -0.045493     -0.08772     0.018549       0.9929 Fallopian_Tube
Heart_Atrial_Appendage              COVAR   16419    -0.010613    -0.018946     0.014979      0.76067 Heart_Atrial_Appendage
Heart_Left_Ventricle                COVAR   16419    -0.010022    -0.016626     0.014345      0.75761 Heart_Left_Ventricle
Kidney_Cortex                       COVAR   16419    -0.031915    -0.055701     0.014023      0.98857 Kidney_Cortex
Kidney_Medulla                      COVAR   16419    -0.031469      -0.0578     0.014425      0.98542 Kidney_Medulla
Liver                               COVAR   16419    -0.019997     -0.03583    0.0099849      0.97739 Liver
Lung                                COVAR   16419    -0.039968    -0.076828     0.014445      0.99717 Lung
Minor_Salivary_Gland                COVAR   16419    -0.027825    -0.051462     0.015078       0.9675 Minor_Salivary_Gland
Muscle_Skeletal                     COVAR   16419     0.013084     0.024661     0.010888      0.11477 Muscle_Skeletal
Nerve_Tibial                        COVAR   16419    0.0021291    0.0042627     0.015799       0.4464 Nerve_Tibial
Ovary                               COVAR   16419    0.0022128    0.0044667      0.01514       0.4419 Ovary
Pancreas                            COVAR   16419    -0.014751    -0.024527      0.01306      0.87063 Pancreas
Pituitary                           COVAR   16419     0.018174     0.033642     0.014083     0.098448 Pituitary
Prostate                            COVAR   16419    -0.016814    -0.031687     0.018776      0.81473 Prostate
Skin_Not_Sun_Exposed_Suprapu...     COVAR   16419    -0.032572    -0.062468     0.012169      0.99628 Skin_Not_Sun_Exposed_Suprapubic
Skin_Sun_Exposed_Lower_leg          COVAR   16419    -0.034393    -0.066345     0.012213      0.99757 Skin_Sun_Exposed_Lower_leg
Small_Intestine_Terminal_Ile...     COVAR   16419    -0.018874     -0.03448      0.01499      0.89598 Small_Intestine_Terminal_Ileum
Spleen                              COVAR   16419    -0.018538    -0.036568     0.011538      0.94592 Spleen
Stomach                             COVAR   16419    -0.029545     -0.05333     0.018636      0.94355 Stomach
Testis                              COVAR   16419   -0.0043776   -0.0075137    0.0087122      0.69233 Testis
Thyroid                             COVAR   16419    -0.028454    -0.056045     0.015177      0.96959 Thyroid
Uterus                              COVAR   16419   -0.0045585   -0.0092428     0.017212      0.60444 Uterus
Vagina                              COVAR   16419    -0.038273      -0.0727     0.017304       0.9865 Vagina
Whole_Blood                         COVAR   16419   -0.0087857    -0.015809    0.0088338      0.84002 Whole_Blood
