# MEAN_SAMPLE_SIZE = 24817
# TOTAL_GENES = 17352
# TEST_DIRECTION = one-sided, positive (set), one-sided, positive (covar)
# CONDITIONED_INTERNAL = gene size, gene density, sample size, inverse mac, log(gene size), log(gene density), log(sample size), log(inverse mac)
# CONDITIONED_HIDDEN = Average (covar)
VARIABLE                             TYPE  NGENES         BETA     BETA_STD           SE            P FULL_NAME
Adipose_Subcutaneous                COVAR   17352     -0.01611    -0.032161     0.011327      0.92252 Adipose_Subcutaneous
Adipose_Visceral_Omentum            COVAR   17352    -0.015625    -0.030356     0.011729      0.90859 Adipose_Visceral_Omentum
Adrenal_Gland                       COVAR   17352    -0.018921    -0.036532     0.010432      0.96512 Adrenal_Gland
Artery_Aorta                        COVAR   17352    -0.010137    -0.020691     0.010677      0.82879 Artery_Aorta
Artery_Coronary                     COVAR   17352    -0.017512     -0.03487     0.012423      0.92067 Artery_Coronary
Artery_Tibial                       COVAR   17352   -0.0011471   -0.0023622     0.010454      0.54369 Artery_Tibial
Bladder                             COVAR   17352    -0.020193    -0.039372     0.013726      0.92937 Bladder
Brain_Amygdala                      COVAR   17352     0.018862     0.032139    0.0081822     0.010584 Brain_Amygdala
Brain_Anterior_cingulate_cor...     COVAR   17352     0.023787     0.042028    0.0075461   0.00081163 Brain_Anterior_cingulate_cortex_BA24
Brain_Caudate_basal_ganglia         COVAR   17352     0.022391     0.038686    0.0082332    0.0032716 Brain_Caudate_basal_ganglia
Brain_Cerebellar_Hemisphere         COVAR   17352     0.026666     0.053522    0.0063707   1.4283e-05 Brain_Cerebellar_Hemisphere
Brain_Cerebellum                    COVAR   17352     0.025999     0.051625    0.0065674    3.782e-05 Brain_Cerebellum
Brain_Cortex                        COVAR   17352     0.024882     0.045389     0.007468   0.00043236 Brain_Cortex
Brain_Frontal_Cortex_BA9            COVAR   17352     0.026772     0.049345    0.0071967   9.9938e-05 Brain_Frontal_Cortex_BA9
Brain_Hippocampus                   COVAR   17352     0.018932     0.032067    0.0083366     0.011581 Brain_Hippocampus
Brain_Hypothalamus                  COVAR   17352     0.022251     0.038314    0.0084592    0.0042684 Brain_Hypothalamus
Brain_Nucleus_accumbens_basa...     COVAR   17352     0.024481     0.042486    0.0079476    0.0010358 Brain_Nucleus_accumbens_basal_ganglia
Brain_Putamen_basal_ganglia         COVAR   17352     0.020655     0.035152     0.008289    0.0063585 Brain_Putamen_basal_ganglia
Brain_Spinal_cord_cervical_c...     COVAR   17352     0.017259     0.031029    0.0090207     0.027863 Brain_Spinal_cord_cervical_c-1
Brain_Substantia_nigra              COVAR   17352      0.01304     0.022452    0.0089636     0.072881 Brain_Substantia_nigra
Breast_Mammary_Tissue               COVAR   17352    -0.029376    -0.056508     0.013288      0.98646 Breast_Mammary_Tissue
Cells_Cultured_fibroblasts          COVAR   17352   0.00049674    0.0010644    0.0068237      0.47098 Cells_Cultured_fibroblasts
Cells_EBV-transformed_lympho...     COVAR   17352  -0.00089563   -0.0019542    0.0051114      0.56955 Cells_EBV-transformed_lymphocytes
Cervix_Ectocervix                   COVAR   17352   -0.0041461   -0.0081284     0.012672      0.62824 Cervix_Ectocervix
Cervix_Endocervix                   COVAR   17352   -0.0065935    -0.013057     0.012055      0.70779 Cervix_Endocervix
Colon_Sigmoid                       COVAR   17352   -0.0055578    -0.010877     0.013094      0.66438 Colon_Sigmoid
Colon_Transverse                    COVAR   17352    -0.020588    -0.037867     0.012028      0.95651 Colon_Transverse
Esophagus_Gastroesophageal_J...     COVAR   17352   -0.0040841   -0.0080421      0.01345       0.6193 Esophagus_Gastroesophageal_Junction
Esophagus_Mucosa                    COVAR   17352   -0.0097997    -0.018949      0.00795      0.89114 Esophagus_Mucosa
Esophagus_Muscularis                COVAR   17352   0.00029619   0.00058442     0.013005      0.49092 Esophagus_Muscularis
Fallopian_Tube                      COVAR   17352   -0.0023821   -0.0046231     0.012316      0.57668 Fallopian_Tube
Heart_Atrial_Appendage              COVAR   17352    -0.013083    -0.023494    0.0099744      0.90518 Heart_Atrial_Appendage
Heart_Left_Ventricle                COVAR   17352    -0.011448    -0.019111    0.0094604      0.88687 Heart_Left_Ventricle
Kidney_Cortex                       COVAR   17352    -0.011541    -0.020285    0.0093107      0.89242 Kidney_Cortex
Kidney_Medulla                      COVAR   17352    -0.012968    -0.023987    0.0096243      0.91106 Kidney_Medulla
Liver                               COVAR   17352    -0.011739     -0.02114    0.0065634      0.96315 Liver
Lung                                COVAR   17352    -0.022836    -0.044168    0.0095678      0.99149 Lung
Minor_Salivary_Gland                COVAR   17352    -0.032562    -0.060622     0.010052       0.9994 Minor_Salivary_Gland
Muscle_Skeletal                     COVAR   17352   -0.0042018   -0.0079487    0.0071827      0.72072 Muscle_Skeletal
Nerve_Tibial                        COVAR   17352    -0.019093    -0.038443      0.01058      0.96443 Nerve_Tibial
Ovary                               COVAR   17352  -0.00042518  -0.00086207     0.010098      0.51679 Ovary
Pancreas                            COVAR   17352    -0.024168    -0.040411    0.0087349      0.99717 Pancreas
Pituitary                           COVAR   17352     0.015531     0.028965    0.0093306     0.048015 Pituitary
Prostate                            COVAR   17352     -0.03833    -0.072743     0.012493      0.99892 Prostate
Skin_Not_Sun_Exposed_Suprapu...     COVAR   17352    -0.017642    -0.034033    0.0080665      0.98562 Skin_Not_Sun_Exposed_Suprapubic
Skin_Sun_Exposed_Lower_leg          COVAR   17352    -0.017794    -0.034539    0.0080931      0.98604 Skin_Sun_Exposed_Lower_leg
Small_Intestine_Terminal_Ile...     COVAR   17352    -0.023815    -0.043813    0.0099522      0.99164 Small_Intestine_Terminal_Ileum
Spleen                              COVAR   17352    -0.011329    -0.022461    0.0077006      0.92937 Spleen
Stomach                             COVAR   17352    -0.045139    -0.082036     0.012562      0.99984 Stomach
Testis                              COVAR   17352     0.004215    0.0072805    0.0057895       0.2333 Testis
Thyroid                             COVAR   17352    -0.011937    -0.023646     0.010154      0.88012 Thyroid
Uterus                              COVAR   17352  -0.00064551   -0.0013155     0.011349      0.52268 Uterus
Vagina                              COVAR   17352    -0.023013     -0.04402     0.011543       0.9769 Vagina
Whole_Blood                         COVAR   17352   -0.0031455   -0.0056831     0.005867      0.70406 Whole_Blood
