# MEAN_SAMPLE_SIZE = 32385
# TOTAL_GENES = 16419
# TEST_DIRECTION = one-sided, positive (set), one-sided, positive (covar)
# CONDITIONED_INTERNAL = gene size, gene density, inverse mac, log(gene size), log(gene density), log(inverse mac)
# CONDITIONED_HIDDEN = Average (covar)
VARIABLE                             TYPE  NGENES         BETA     BETA_STD           SE            P FULL_NAME
Adipose_Subcutaneous                COVAR   16419     -0.02736    -0.054345     0.016555      0.95079 Adipose_Subcutaneous
Adipose_Visceral_Omentum            COVAR   16419    -0.025666    -0.049587     0.017252      0.93157 Adipose_Visceral_Omentum
Adrenal_Gland                       COVAR   16419    -0.016641    -0.031956      0.01538      0.86036 Adrenal_Gland
Artery_Aorta                        COVAR   16419    -0.003886    -0.007898      0.01579       0.5972 Artery_Aorta
Artery_Coronary                     COVAR   16419    -0.015485    -0.030681     0.018278      0.80156 Artery_Coronary
Artery_Tibial                       COVAR   16419     0.010795     0.022137     0.015373      0.24128 Artery_Tibial
Bladder                             COVAR   16419    -0.018981    -0.036773       0.0201       0.8275 Bladder
Brain_Amygdala                      COVAR   16419     0.032446     0.054892     0.012072    0.0036017 Brain_Amygdala
Brain_Anterior_cingulate_cor...     COVAR   16419     0.039175     0.068701     0.011164   0.00022543 Brain_Anterior_cingulate_cortex_BA24
Brain_Caudate_basal_ganglia         COVAR   16419     0.033579     0.057608     0.012107    0.0027765 Brain_Caudate_basal_ganglia
Brain_Cerebellar_Hemisphere         COVAR   16419     0.041011     0.081911    0.0093667    6.019e-06 Brain_Cerebellar_Hemisphere
Brain_Cerebellum                    COVAR   16419     0.044019     0.086929     0.009658   2.6052e-06 Brain_Cerebellum
Brain_Cortex                        COVAR   16419     0.042076     0.076169     0.011005   6.6098e-05 Brain_Cortex
Brain_Frontal_Cortex_BA9            COVAR   16419     0.042063     0.076961     0.010603   3.6567e-05 Brain_Frontal_Cortex_BA9
Brain_Hippocampus                   COVAR   16419     0.027628     0.046452     0.012275      0.01221 Brain_Hippocampus
Brain_Hypothalamus                  COVAR   16419     0.029029     0.049591     0.012463    0.0099298 Brain_Hypothalamus
Brain_Nucleus_accumbens_basa...     COVAR   16419     0.034382     0.059244     0.011739     0.001704 Brain_Nucleus_accumbens_basal_ganglia
Brain_Putamen_basal_ganglia         COVAR   16419     0.028441     0.048083     0.012189    0.0098214 Brain_Putamen_basal_ganglia
Brain_Spinal_cord_cervical_c...     COVAR   16419    0.0090834     0.016236     0.013093      0.24392 Brain_Spinal_cord_cervical_c-1
Brain_Substantia_nigra              COVAR   16419     0.016206     0.027723     0.013099      0.10802 Brain_Substantia_nigra
Breast_Mammary_Tissue               COVAR   16419    -0.073006     -0.13957      0.01946      0.99991 Breast_Mammary_Tissue
Cells_Cultured_fibroblasts          COVAR   16419    0.0021646    0.0046232     0.010121      0.41532 Cells_Cultured_fibroblasts
Cells_EBV-transformed_lympho...     COVAR   16419    0.0069182      0.01507    0.0074868      0.17774 Cells_EBV-transformed_lymphocytes
Cervix_Ectocervix                   COVAR   16419    -0.017366    -0.033838      0.01882      0.82192 Cervix_Ectocervix
Cervix_Endocervix                   COVAR   16419     -0.01292    -0.025422     0.017889      0.76492 Cervix_Endocervix
Colon_Sigmoid                       COVAR   16419     0.019289     0.037523     0.019265      0.15837 Colon_Sigmoid
Colon_Transverse                    COVAR   16419    -0.012552     -0.02293     0.017735      0.76045 Colon_Transverse
Esophagus_Gastroesophageal_J...     COVAR   16419     0.012484     0.024441     0.019771      0.26389 Esophagus_Gastroesophageal_Junction
Esophagus_Mucosa                    COVAR   16419    -0.030504    -0.058634     0.011693      0.99545 Esophagus_Mucosa
Esophagus_Muscularis                COVAR   16419     0.012399     0.024325      0.01915      0.25866 Esophagus_Muscularis
Fallopian_Tube                      COVAR   16419    -0.033266    -0.064143     0.018199      0.96621 Fallopian_Tube
Heart_Atrial_Appendage              COVAR   16419    -0.017084    -0.030498     0.014695      0.87749 Heart_Atrial_Appendage
Heart_Left_Ventricle                COVAR   16419     -0.02317    -0.038437     0.014072      0.95016 Heart_Left_Ventricle
Kidney_Cortex                       COVAR   16419    -0.027009    -0.047139     0.013758      0.97518 Kidney_Cortex
Kidney_Medulla                      COVAR   16419    -0.029249    -0.053722     0.014152      0.98062 Kidney_Medulla
Liver                               COVAR   16419    -0.030196    -0.054103    0.0097939      0.99897 Liver
Lung                                COVAR   16419    -0.034602    -0.066515     0.014172      0.99268 Lung
Minor_Salivary_Gland                COVAR   16419    -0.063084     -0.11667     0.014785      0.99999 Minor_Salivary_Gland
Muscle_Skeletal                     COVAR   16419   0.00060746     0.001145     0.010683      0.47733 Muscle_Skeletal
Nerve_Tibial                        COVAR   16419    -0.017876    -0.035789     0.015499       0.8756 Nerve_Tibial
Ovary                               COVAR   16419      0.01171     0.023638     0.014853      0.21524 Ovary
Pancreas                            COVAR   16419    -0.042679    -0.070966     0.012809      0.99957 Pancreas
Pituitary                           COVAR   16419     0.017503     0.032402     0.013816       0.1026 Pituitary
Prostate                            COVAR   16419    -0.042544    -0.080178     0.018417      0.98955 Prostate
Skin_Not_Sun_Exposed_Suprapu...     COVAR   16419    -0.041695    -0.079964     0.011937      0.99976 Skin_Not_Sun_Exposed_Suprapubic
Skin_Sun_Exposed_Lower_leg          COVAR   16419    -0.042239     -0.08148      0.01198      0.99979 Skin_Sun_Exposed_Lower_leg
Small_Intestine_Terminal_Ile...     COVAR   16419    -0.016513    -0.030168     0.014706      0.86924 Small_Intestine_Terminal_Ileum
Spleen                              COVAR   16419   -0.0053577    -0.010569     0.011321      0.68199 Spleen
Stomach                             COVAR   16419     -0.06132     -0.11069     0.018277       0.9996 Stomach
Testis                              COVAR   16419    0.0069126     0.011865    0.0085469      0.20933 Testis
Thyroid                             COVAR   16419    -0.024539    -0.048334     0.014889      0.95033 Thyroid
Uterus                              COVAR   16419    0.0032009    0.0064902     0.016885      0.42483 Uterus
Vagina                              COVAR   16419    -0.041167    -0.078197     0.016976      0.99234 Vagina
Whole_Blood                         COVAR   16419   -0.0056304    -0.010132    0.0086665      0.74204 Whole_Blood
